{
  "Resources": {
    "ClusterEB0386A7": {
      "Type": "AWS::ECS::Cluster",
      "Properties": {
        "ClusterName": "eu-west-1",
        "Tags": [
          {
            "Key": "Project",
            "Value": "git-visualized-activity"
          },
          {
            "Key": "SourceRepo",
            "Value": "github/capraconsulting/git-visualized-activity-infra"
          },
          {
            "Key": "StackName",
            "Value": "liflig-incubator-gva-worker"
          }
        ]
      },
      "Metadata": {
        "aws:cdk:path": "liflig-incubator-gva-worker/Cluster/Resource"
      }
    },
    "LogGroupF5B46931": {
      "Type": "AWS::Logs::LogGroup",
      "Properties": {
        "RetentionInDays": 30
      },
      "UpdateReplacePolicy": "Retain",
      "DeletionPolicy": "Retain",
      "Metadata": {
        "aws:cdk:path": "liflig-incubator-gva-worker/LogGroup/Resource"
      }
    },
    "TaskDefTaskRole1EDB4A67": {
      "Type": "AWS::IAM::Role",
      "Properties": {
        "AssumeRolePolicyDocument": {
          "Statement": [
            {
              "Action": "sts:AssumeRole",
              "Effect": "Allow",
              "Principal": {
                "Service": "ecs-tasks.amazonaws.com"
              }
            }
          ],
          "Version": "2012-10-17"
        },
        "Tags": [
          {
            "Key": "Project",
            "Value": "git-visualized-activity"
          },
          {
            "Key": "SourceRepo",
            "Value": "github/capraconsulting/git-visualized-activity-infra"
          },
          {
            "Key": "StackName",
            "Value": "liflig-incubator-gva-worker"
          }
        ]
      },
      "Metadata": {
        "aws:cdk:path": "liflig-incubator-gva-worker/TaskDef/TaskRole/Resource"
      }
    },
    "TaskDefTaskRoleDefaultPolicyA592CB18": {
      "Type": "AWS::IAM::Policy",
      "Properties": {
        "PolicyDocument": {
          "Statement": [
            {
              "Action": "s3:PutObject",
              "Effect": "Allow",
              "Resource": {
                "Fn::Join": [
                  "",
                  [
                    "arn:",
                    {
                      "Ref": "AWS::Partition"
                    },
                    ":s3:::liflig-incubator-gva-web/*"
                  ]
                ]
              }
            },
            {
              "Action": "cloudfront:CreateInvalidation",
              "Effect": "Allow",
              "Resource": "*"
            },
            {
              "Action": [
                "ssm:GetParameter",
                "ssm:GetParameters"
              ],
              "Effect": "Allow",
              "Resource": "arn:aws:ssm:eu-west-1:001112238813:parameter/eu-west-1/*"
            }
          ],
          "Version": "2012-10-17"
        },
        "PolicyName": "TaskDefTaskRoleDefaultPolicyA592CB18",
        "Roles": [
          {
            "Ref": "TaskDefTaskRole1EDB4A67"
          }
        ]
      },
      "Metadata": {
        "aws:cdk:path": "liflig-incubator-gva-worker/TaskDef/TaskRole/DefaultPolicy/Resource"
      }
    },
    "TaskDef54694570": {
      "Type": "AWS::ECS::TaskDefinition",
      "Properties": {
        "ContainerDefinitions": [
          {
            "Environment": [
              {
                "Name": "PARAMS_PREFIX",
                "Value": "/eu-west-1/"
              }
            ],
            "Essential": true,
            "Image": {
              "Fn::Join": [
                "",
                [
                  "923402097046.dkr.ecr.eu-central-1.",
                  {
                    "Ref": "AWS::URLSuffix"
                  },
                  "/git-visualized-activity/worker:20190723-1503-4"
                ]
              ]
            },
            "LogConfiguration": {
              "LogDriver": "awslogs",
              "Options": {
                "awslogs-group": {
                  "Ref": "LogGroupF5B46931"
                },
                "awslogs-stream-prefix": "app",
                "awslogs-region": "eu-west-1"
              }
            },
            "Name": "app"
          }
        ],
        "Cpu": "1024",
        "ExecutionRoleArn": {
          "Fn::GetAtt": [
            "TaskDefExecutionRoleB4775C97",
            "Arn"
          ]
        },
        "Family": "eu-west-1-worker",
        "Memory": "2048",
        "NetworkMode": "awsvpc",
        "RequiresCompatibilities": [
          "FARGATE"
        ],
        "Tags": [
          {
            "Key": "Project",
            "Value": "git-visualized-activity"
          },
          {
            "Key": "SourceRepo",
            "Value": "github/capraconsulting/git-visualized-activity-infra"
          },
          {
            "Key": "StackName",
            "Value": "liflig-incubator-gva-worker"
          }
        ],
        "TaskRoleArn": {
          "Fn::GetAtt": [
            "TaskDefTaskRole1EDB4A67",
            "Arn"
          ]
        }
      },
      "Metadata": {
        "aws:cdk:path": "liflig-incubator-gva-worker/TaskDef/Resource"
      }
    },
    "TaskDefExecutionRoleB4775C97": {
      "Type": "AWS::IAM::Role",
      "Properties": {
        "AssumeRolePolicyDocument": {
          "Statement": [
            {
              "Action": "sts:AssumeRole",
              "Effect": "Allow",
              "Principal": {
                "Service": "ecs-tasks.amazonaws.com"
              }
            }
          ],
          "Version": "2012-10-17"
        },
        "Tags": [
          {
            "Key": "Project",
            "Value": "git-visualized-activity"
          },
          {
            "Key": "SourceRepo",
            "Value": "github/capraconsulting/git-visualized-activity-infra"
          },
          {
            "Key": "StackName",
            "Value": "liflig-incubator-gva-worker"
          }
        ]
      },
      "Metadata": {
        "aws:cdk:path": "liflig-incubator-gva-worker/TaskDef/ExecutionRole/Resource"
      }
    },
    "TaskDefExecutionRoleDefaultPolicy0DBB737A": {
      "Type": "AWS::IAM::Policy",
      "Properties": {
        "PolicyDocument": {
          "Statement": [
            {
              "Action": [
                "ecr:BatchCheckLayerAvailability",
                "ecr:GetDownloadUrlForLayer",
                "ecr:BatchGetImage"
              ],
              "Effect": "Allow",
              "Resource": "arn:aws:ecr:eu-central-1:923402097046:repository/git-visualized-activity/worker"
            },
            {
              "Action": "ecr:GetAuthorizationToken",
              "Effect": "Allow",
              "Resource": "*"
            },
            {
              "Action": [
                "logs:CreateLogStream",
                "logs:PutLogEvents"
              ],
              "Effect": "Allow",
              "Resource": {
                "Fn::GetAtt": [
                  "LogGroupF5B46931",
                  "Arn"
                ]
              }
            }
          ],
          "Version": "2012-10-17"
        },
        "PolicyName": "TaskDefExecutionRoleDefaultPolicy0DBB737A",
        "Roles": [
          {
            "Ref": "TaskDefExecutionRoleB4775C97"
          }
        ]
      },
      "Metadata": {
        "aws:cdk:path": "liflig-incubator-gva-worker/TaskDef/ExecutionRole/DefaultPolicy/Resource"
      }
    },
    "TaskDefEventsRoleFB3B67B8": {
      "Type": "AWS::IAM::Role",
      "Properties": {
        "AssumeRolePolicyDocument": {
          "Statement": [
            {
              "Action": "sts:AssumeRole",
              "Effect": "Allow",
              "Principal": {
                "Service": "events.amazonaws.com"
              }
            }
          ],
          "Version": "2012-10-17"
        },
        "Tags": [
          {
            "Key": "Project",
            "Value": "git-visualized-activity"
          },
          {
            "Key": "SourceRepo",
            "Value": "github/capraconsulting/git-visualized-activity-infra"
          },
          {
            "Key": "StackName",
            "Value": "liflig-incubator-gva-worker"
          }
        ]
      },
      "Metadata": {
        "aws:cdk:path": "liflig-incubator-gva-worker/TaskDef/EventsRole/Resource"
      }
    },
    "TaskDefEventsRoleDefaultPolicyA124E85B": {
      "Type": "AWS::IAM::Policy",
      "Properties": {
        "PolicyDocument": {
          "Statement": [
            {
              "Action": "ecs:RunTask",
              "Condition": {
                "ArnEquals": {
                  "ecs:cluster": {
                    "Fn::GetAtt": [
                      "ClusterEB0386A7",
                      "Arn"
                    ]
                  }
                }
              },
              "Effect": "Allow",
              "Resource": {
                "Ref": "TaskDef54694570"
              }
            },
            {
              "Action": "iam:PassRole",
              "Effect": "Allow",
              "Resource": {
                "Fn::GetAtt": [
                  "TaskDefExecutionRoleB4775C97",
                  "Arn"
                ]
              }
            },
            {
              "Action": "iam:PassRole",
              "Effect": "Allow",
              "Resource": {
                "Fn::GetAtt": [
                  "TaskDefTaskRole1EDB4A67",
                  "Arn"
                ]
              }
            }
          ],
          "Version": "2012-10-17"
        },
        "PolicyName": "TaskDefEventsRoleDefaultPolicyA124E85B",
        "Roles": [
          {
            "Ref": "TaskDefEventsRoleFB3B67B8"
          }
        ]
      },
      "Metadata": {
        "aws:cdk:path": "liflig-incubator-gva-worker/TaskDef/EventsRole/DefaultPolicy/Resource"
      }
    },
    "SecurityGroupDD263621": {
      "Type": "AWS::EC2::SecurityGroup",
      "Properties": {
        "GroupDescription": "liflig-incubator-gva-worker/SecurityGroup",
        "SecurityGroupEgress": [
          {
            "CidrIp": "0.0.0.0/0",
            "Description": "Allow all outbound traffic by default",
            "IpProtocol": "-1"
          }
        ],
        "Tags": [
          {
            "Key": "Project",
            "Value": "git-visualized-activity"
          },
          {
            "Key": "SourceRepo",
            "Value": "github/capraconsulting/git-visualized-activity-infra"
          },
          {
            "Key": "StackName",
            "Value": "liflig-incubator-gva-worker"
          }
        ],
        "VpcId": "vpc-0f0d43198daee2247"
      },
      "Metadata": {
        "aws:cdk:path": "liflig-incubator-gva-worker/SecurityGroup/Resource"
      }
    },
    "ScheduleRuleDA5BD877": {
      "Type": "AWS::Events::Rule",
      "Properties": {
        "ScheduleExpression": "cron(0 4 * * ? *)",
        "State": "ENABLED",
        "Targets": [
          {
            "Arn": {
              "Fn::GetAtt": [
                "ClusterEB0386A7",
                "Arn"
              ]
            },
            "EcsParameters": {
              "LaunchType": "FARGATE",
              "NetworkConfiguration": {
                "AwsVpcConfiguration": {
                  "AssignPublicIp": "ENABLED",
                  "SecurityGroups": [
                    {
                      "Fn::GetAtt": [
                        "SecurityGroupDD263621",
                        "GroupId"
                      ]
                    }
                  ],
                  "Subnets": [
                    "subnet-0f3e8c7b51b4c8510",
                    "subnet-0bcca354354438470",
                    "subnet-00977bde6d327ead2"
                  ]
                }
              },
              "TaskCount": 1,
              "TaskDefinitionArn": {
                "Ref": "TaskDef54694570"
              }
            },
            "Id": "Target0",
            "Input": "{}",
            "RoleArn": {
              "Fn::GetAtt": [
                "TaskDefEventsRoleFB3B67B8",
                "Arn"
              ]
            }
          }
        ]
      },
      "Metadata": {
        "aws:cdk:path": "liflig-incubator-gva-worker/ScheduleRule/Resource"
      }
    }
  }
}